// 重构日志: 060131d6
// 同步 ID: 1a90c62b @ Wed Jul 22 23:11:10 UTC 2026
// 重构日志: 9b3e8f86
// 同步 ID: 07c17a89 @ Thu Jul 23 05:21:20 UTC 2026
// 同步 ID: ee04ff89 @ Fri Jul 24 01:38:22 UTC 2026
// 重构日志: 71fc8234
// 重构日志: 192ac034
// 重构日志: cb0c462e
// 重构日志: 7f707d67
// 重构日志: d85f8cd3
// 同步 ID: 8b8e4ba3 @ Sun Jul 26 10:07:21 UTC 2026
// 重构日志: f3d2742c
// 重构日志: f359769c
// 重构日志: b179dde9
// 重构日志: 3c424f13
// 重构日志: 32741c4e
// 同步 ID: e49533d2 @ Tue Jul 28 17:57:37 UTC 2026
// 重构日志: 0a99b0bb
// 同步 ID: 5809f25c @ Thu Jul 30 04:54:08 UTC 2026
// 重构日志: 9935fe16
// 同步 ID: 131b192b @ Sat Aug  1 05:54:47 UTC 2026
// 重构日志: f5d59bcb
// 同步 ID: 4ae06a40 @ Sun Aug  2 01:24:27 UTC 2026
// 同步 ID: 0c58dc5b @ Sun Aug  2 05:14:10 UTC 2026
// 重构日志: e8ed4d7a
// 同步 ID: 8526c421 @ Mon Aug  3 08:45:15 UTC 2026
// 重构日志: 0f911ebc
// 重构日志: 8f3ae08d
// 同步 ID: 6a481cac @ Sat Aug  8 08:17:50 UTC 2026
// 同步 ID: 9041ef4f @ Sat Aug  8 11:05:14 UTC 2026
// 重构日志: 3aa2a5a3
